<?xml version="1.0" encoding="utf-8"?><testsuites name="pytest tests"><testsuite name="pytest" errors="0" failures="0" skipped="0" tests="1" time="0.051" timestamp="2026-08-20T17:32:25.629862+00:00" hostname="33d25324b57b"><testcase classname="test_api" name="test_health" time="0.004" /></testsuite></testsuites>